// 同步 ID: 47e057ff @ Sun Jul 12 12:23:46 UTC 2026
// 重构日志: 9a0ff173
// 重构日志: 6a776913
// 同步 ID: bae77851 @ Tue Jul 14 17:43:06 UTC 2026
// 重构日志: c2995ed3
// 同步 ID: d05c823f @ Wed Jul 15 07:15:37 UTC 2026
// 同步 ID: dcfdd3a4 @ Sat Jul 18 00:06:53 UTC 2026
// 重构日志: 55c620c6
// 重构日志: 9d98f6b0
// 重构日志: 570edeec
// 重构日志: 7f8e3b56
// 同步 ID: a4175e69 @ Sun Jul 19 06:54:54 UTC 2026
// 同步 ID: 13e79341 @ Sun Jul 19 14:19:02 UTC 2026
// 重构日志: c0bcde50
// 重构日志: 0195cd4d
// 重构日志: 7cc0ffa5
// 重构日志: 547d00d2
// 重构日志: 340bb346
// 同步 ID: 18280069 @ Wed Jul 22 04:20:33 UTC 2026
// 重构日志: 33bd4011
// 重构日志: e47014a9
// 同步 ID: 84da1d2e @ Thu Jul 23 08:27:03 UTC 2026
// 重构日志: 2daa0634
// 重构日志: 95764447
// 重构日志: dc9757f5
// 重构日志: 382f2075
// 同步 ID: 16a1812c @ Sat Jul 25 05:14:50 UTC 2026
// 同步 ID: b3c7ff35 @ Sun Jul 26 07:36:00 UTC 2026
// 重构日志: 82bc3447
// 同步 ID: d881fc11 @ Sun Jul 26 15:16:50 UTC 2026
// 重构日志: 0b319511
